2026-10-02 23:13:39,607 INFO VIAV: score=6 status=ok
2026-10-02 23:13:40,010 INFO TXN: score=10 status=ok
2026-10-02 23:13:40,370 INFO TWLO: score=2 status=ok
2026-10-02 23:13:40,684 INFO TTMI: score=8 status=ok
2026-10-02 23:13:41,039 INFO TSLA: score=6 status=ok
2026-10-02 23:13:41,398 INFO TSEM: score=6 status=ok
2026-10-02 23:13:41,761 INFO TER: score=4 status=ok
2026-10-02 23:13:42,080 INFO TEM: score=4 status=ok
2026-10-02 23:13:42,441 INFO SPOT: score=2 status=ok
2026-10-02 23:13:42,796 INFO SNPS: score=2 status=ok
2026-10-02 23:13:43,172 INFO SHOP: score=6 status=ok
2026-10-02 23:13:43,498 INFO RMBS: score=4 status=ok
2026-10-02 23:13:43,891 INFO RKLB: score=4 status=ok
2026-10-02 23:13:44,249 INFO PLTR: score=8 status=ok
2026-10-02 23:13:44,602 INFO PL: score=4 status=ok
2026-10-02 23:13:45,023 INFO PH: score=8 status=ok
2026-10-02 23:13:45,337 INFO PDFS: score=8 status=ok
2026-10-02 23:13:45,693 INFO ON: score=8 status=ok
2026-10-02 23:13:46,052 INFO OKLO: score=6 status=ok
2026-10-02 23:13:46,387 INFO NXPI: score=10 status=ok
2026-10-02 23:13:46,719 INFO NOW: score=10 status=ok
2026-10-02 23:13:47,037 INFO NBIS: score=4 status=ok
2026-10-02 23:13:47,360 INFO MTSI: score=6 status=ok
2026-10-02 23:13:47,743 INFO MSFT: score=8 status=ok
2026-10-02 23:13:48,063 INFO MP: score=0 status=ok
2026-10-02 23:13:48,452 INFO MCHP: score=8 status=ok
2026-10-02 23:13:48,775 INFO MARA: score=4 status=ok
2026-10-02 23:13:49,092 INFO LWLG: score=4 status=ok
2026-10-02 23:13:49,457 INFO LUNR: score=6 status=ok
2026-10-02 23:13:49,831 INFO LRCX: score=8 status=ok
2026-10-02 23:13:50,150 INFO KTOS: score=0 status=ok
2026-10-02 23:13:50,545 INFO KLAC: score=8 status=ok
2026-10-02 23:13:50,878 INFO KEYS: score=4 status=ok
2026-10-02 23:13:51,260 INFO JBL: score=8 status=ok
2026-10-02 23:13:51,580 INFO HOOD: score=6 status=ok
2026-10-02 23:13:52,001 INFO GLW: score=8 status=ok
2026-10-02 23:13:52,367 INFO GEV: score=8 status=ok
2026-10-02 23:13:52,784 INFO GE: score=6 status=ok
2026-10-02 23:13:53,200 INFO ETN: score=10 status=ok
2026-10-02 23:13:53,522 INFO EOSE: score=2 status=ok
2026-10-02 23:13:53,842 INFO DIOD: score=6 status=ok
2026-10-02 23:13:54,231 INFO CSCO: score=4 status=ok
2026-10-02 23:13:54,549 INFO CRWV: score=6 status=ok
2026-10-02 23:13:54,928 INFO CRDO: score=6 status=ok
2026-10-02 23:13:55,241 INFO CRCL: score=4 status=ok
2026-10-02 23:13:55,606 INFO COIN: score=6 status=ok
2026-10-02 23:13:55,970 INFO CIEN: score=4 status=ok
2026-10-02 23:13:56,357 INFO BWXT: score=2 status=ok
2026-10-02 23:13:56,687 INFO BKSY: score=4 status=ok
2026-10-02 23:13:57,006 INFO AXTI: score=6 status=ok
2026-10-02 23:13:57,372 INFO AVAV: score=6 status=ok
2026-10-02 23:13:57,753 INFO ASTS: score=6 status=ok
2026-10-02 23:13:58,127 INFO ARM: score=4 status=ok
2026-10-02 23:13:58,486 INFO ANET: score=10 status=ok
2026-10-02 23:13:58,841 INFO AMZN: score=8 status=ok
2026-10-02 23:13:59,200 INFO AMD: score=2 status=ok
2026-10-02 23:13:59,529 INFO AMBQ: score=4 status=ok
2026-10-02 23:13:59,861 INFO AMBA: score=6 status=ok
2026-10-02 23:14:00,220 INFO ALAB: score=4 status=ok
2026-10-02 23:14:00,607 INFO ADI: score=6 status=ok
2026-10-02 23:14:00,989 INFO FIX: score=12 status=ok
2026-10-02 23:14:01,374 INFO MPWR: score=4 status=ok
2026-10-02 23:14:01,702 INFO SNDK: score=8 status=ok
2026-10-02 23:14:02,106 INFO GWW: score=8 status=ok
2026-10-02 23:14:02,495 INFO BLK: score=6 status=ok
2026-10-02 23:14:02,885 INFO COST: score=8 status=ok
2026-10-02 23:14:03,316 INFO LLY: score=8 status=ok
2026-10-02 23:14:03,684 INFO URI: score=10 status=ok
2026-10-02 23:14:04,086 INFO GS: score=2 status=ok
2026-10-02 23:14:04,463 INFO EME: score=10 status=ok
2026-10-02 23:14:04,897 INFO CAT: score=10 status=ok
2026-10-02 23:14:05,287 INFO CASY: score=2 status=ok
2026-10-02 23:14:05,662 INFO PWR: score=10 status=ok
2026-10-02 23:14:06,055 INFO CMI: score=4 status=ok
2026-10-02 23:14:06,379 INFO CRWD: score=6 status=ok
2026-10-02 23:14:06,772 INFO WDC: score=8 status=ok
2026-10-02 23:14:07,139 INFO GOOGL: score=8 status=ok
2026-10-02 23:14:07,552 INFO UNH: score=4 status=ok
2026-10-02 23:14:07,932 INFO ELV: score=6 status=ok
2026-10-02 23:14:08,259 INFO FFIV: score=4 status=ok
2026-10-02 23:14:08,609 INFO EG: score=6 status=ok
2026-10-02 23:14:08,933 INFO CDNS: score=2 status=ok
2026-10-02 23:14:09,262 INFO CPAY: score=8 status=ok
2026-10-02 23:14:09,668 INFO NSC: score=8 status=ok
2026-10-02 23:14:10,083 INFO HUM: score=8 status=ok
2026-10-02 23:14:10,481 INFO WST: score=8 status=ok
2026-10-02 23:14:10,864 INFO VRSN: score=8 status=ok
2026-10-02 23:14:11,259 INFO CI: score=8 status=ok
2026-10-02 23:14:11,585 INFO VICR: score=2 status=ok
2026-10-02 23:14:11,999 INFO MTRN: score=6 status=ok
2026-10-02 23:14:12,312 INFO WOLF: score=7 status=ok
2026-10-02 23:14:12,713 INFO MU: score=6 status=ok
2026-10-02 23:14:13,098 INFO MRVL: score=6 status=ok
2026-10-02 23:14:13,449 INFO FORM: score=2 status=ok
2026-10-02 23:14:13,822 INFO TSM: score=6 status=ok
2026-10-02 23:14:14,144 INFO AEHR: score=8 status=ok
2026-10-02 23:14:14,464 INFO IONQ: score=2 status=ok
2026-10-02 23:14:14,857 INFO AMKR: score=8 status=ok
2026-10-02 23:14:15,274 INFO RTX: score=4 status=ok
2026-10-02 23:14:15,587 ERROR SKHY: Yahoo Finance returned only 60 valid daily bars; 252 are required
2026-10-02 23:14:15,956 INFO ONTO: score=8 status=ok
2026-10-02 23:14:16,334 INFO TRGP: score=6 status=ok
2026-10-02 23:14:16,774 INFO UNP: score=4 status=ok
2026-10-02 23:14:17,173 INFO ESS: score=8 status=ok
2026-10-02 23:14:17,578 INFO WAB: score=8 status=ok
2026-10-02 23:14:17,902 INFO GNRC: score=8 status=ok
2026-10-02 23:14:18,297 INFO HWM: score=4 status=ok
2026-10-02 23:14:18,681 INFO MPC: score=6 status=ok
2026-10-02 23:14:19,064 INFO AIZ: score=6 status=ok
2026-10-02 23:14:19,449 INFO VLO: score=6 status=ok
2026-10-02 23:14:19,814 INFO PANW: score=4 status=ok
2026-10-02 23:14:20,150 INFO TTWO: score=2 status=ok
2026-10-02 23:14:20,521 INFO DELL: score=6 status=ok
2026-10-02 23:14:20,842 INFO FSLR: score=0 status=ok
2026-10-02 23:14:21,236 INFO STLD: score=10 status=ok
2026-10-02 23:14:21,607 INFO NVDA: score=12 status=ok
2026-10-02 23:14:21,961 INFO INTC: score=2 status=ok
2026-10-02 23:14:22,362 INFO AME: score=8 status=ok
2026-10-02 23:14:22,778 INFO NUE: score=6 status=ok
2026-10-02 23:14:23,207 INFO ALL: score=0 status=ok
2026-10-02 23:14:23,604 INFO WELL: score=6 status=ok
2026-10-02 23:14:23,992 INFO IEX: score=8 status=ok
2026-10-02 23:14:24,362 INFO FANG: score=4 status=ok
2026-10-02 23:14:24,756 INFO QCOM: score=6 status=ok
2026-10-02 23:14:25,073 INFO DVA: score=8 status=ok
2026-10-02 23:14:25,401 INFO BIIB: score=8 status=ok
2026-10-02 23:14:25,794 INFO MS: score=2 status=ok
2026-10-02 23:14:26,181 INFO PM: score=6 status=ok
2026-10-02 23:14:26,489 ERROR AVB: Yahoo Finance returned only 1 valid daily bars; 252 are required
2026-10-02 23:14:26,812 INFO LYV: score=8 status=ok
2026-10-02 23:14:27,202 INFO EXPD: score=10 status=ok
2026-10-02 23:14:27,632 INFO GL: score=8 status=ok
2026-10-02 23:14:27,945 INFO AKAM: score=8 status=ok
2026-10-02 23:14:28,338 INFO JCI: score=10 status=ok
2026-10-02 23:14:28,722 INFO PLD: score=4 status=ok
2026-10-02 23:14:29,030 INFO SATS: score=0 status=unavailable
2026-10-02 23:14:29,423 INFO APO: score=0 status=ok
2026-10-02 23:14:29,829 INFO WMT: score=8 status=ok
2026-10-02 23:14:30,226 INFO IRM: score=6 status=ok
2026-10-02 23:14:30,553 INFO FTNT: score=8 status=ok
2026-10-02 23:14:30,927 INFO NTAP: score=2 status=ok
2026-10-02 23:14:31,293 INFO EBAY: score=10 status=ok
2026-10-02 23:14:31,688 INFO FRT: score=4 status=ok
2026-10-02 23:14:32,070 INFO SBUX: score=4 status=ok
2026-10-02 23:14:32,461 INFO TROW: score=6 status=ok
2026-10-02 23:14:32,838 INFO PFG: score=6 status=ok
2026-10-02 23:14:33,239 INFO CVS: score=4 status=ok
2026-10-02 23:14:33,629 INFO HAS: score=8 status=ok
2026-10-02 23:14:34,049 INFO NEE: score=4 status=ok
2026-10-02 23:14:34,449 INFO OKE: score=6 status=ok
2026-10-02 23:14:34,827 INFO NDAQ: score=6 status=ok
2026-10-02 23:14:35,221 INFO VTR: score=4 status=ok
2026-10-02 23:14:35,539 INFO MNST: score=2 status=ok
2026-10-02 23:14:35,920 INFO IBKR: score=8 status=ok
2026-10-02 23:14:36,355 INFO KO: score=6 status=ok
2026-10-02 23:14:36,748 INFO ADM: score=8 status=ok
2026-10-02 23:14:37,142 INFO MET: score=6 status=ok
2026-10-02 23:14:37,546 INFO WMB: score=10 status=ok
2026-10-02 23:14:37,953 INFO SWK: score=8 status=ok
2026-10-02 23:14:38,273 INFO SOLV: score=12 status=ok
2026-10-02 23:14:38,700 INFO IFF: score=6 status=ok
2026-10-02 23:14:39,119 INFO MO: score=6 status=ok
2026-10-02 23:14:39,432 INFO XYZ: score=6 status=ok
2026-10-02 23:14:39,806 INFO DAL: score=8 status=ok
2026-10-02 23:14:40,181 INFO SWKS: score=6 status=ok
2026-10-02 23:14:40,566 INFO TSN: score=2 status=ok
2026-10-02 23:14:40,931 INFO FOXA: score=4 status=ok
2026-10-02 23:14:41,311 INFO CARR: score=4 status=ok
2026-10-02 23:14:41,615 ERROR EQR: Yahoo Finance returned only 1 valid daily bars; 252 are required
2026-10-02 23:14:41,998 INFO FCX: score=12 status=ok
2026-10-02 23:14:42,382 INFO MDLZ: score=6 status=ok
2026-10-02 23:14:42,693 INFO CNC: score=6 status=ok
2026-10-02 23:14:43,090 INFO FOX: score=8 status=ok
2026-10-02 23:14:43,480 INFO DD: score=10 status=ok
2026-10-02 23:14:43,851 INFO CSX: score=6 status=ok
2026-10-02 23:14:44,230 INFO HAL: score=2 status=ok
2026-10-02 23:14:44,554 INFO DOW: score=2 status=ok
2026-10-02 23:14:44,897 INFO UDR: score=4 status=ok
2026-10-02 23:14:45,270 INFO HPE: score=6 status=ok
2026-10-02 23:14:45,624 INFO BEN: score=6 status=ok
2026-10-02 23:14:45,958 INFO KDP: score=6 status=ok
2026-10-02 23:14:46,324 INFO INVH: score=2 status=ok
2026-10-02 23:14:46,693 INFO IVZ: score=6 status=ok
2026-10-02 23:14:47,093 INFO HST: score=8 status=ok
2026-10-02 23:14:47,455 INFO DOC: score=4 status=ok
2026-10-02 23:14:47,811 INFO VTRS: score=8 status=ok
2026-10-02 23:14:48,179 INFO F: score=0 status=ok
2026-10-02 23:14:48,494 INFO CEVA: score=4 status=ok
2026-10-02 23:14:48,809 INFO AIP: score=2 status=ok
2026-10-02 23:14:49,126 INFO CACI: score=10 status=ok
2026-10-02 23:14:49,508 INFO QQQ: score=12 status=ok
2026-10-02 23:14:49,891 INFO SOXX: score=6 status=ok
2026-10-02 23:14:50,324 INFO XOM: score=10 status=ok
2026-10-02 23:14:50,716 INFO COP: score=6 status=ok
2026-10-02 23:14:51,104 INFO JPM: score=4 status=ok
2026-10-02 23:14:51,506 INFO BAC: score=0 status=ok
2026-10-02 23:14:51,880 INFO AMT: score=6 status=ok
2026-10-02 23:14:52,277 INFO NEM: score=6 status=ok
2026-10-02 23:14:52,590 ERROR SPCX: Yahoo Finance returned only 78 valid daily bars; 252 are required
2026-10-02 23:14:52,907 INFO DOCN: score=4 status=ok
2026-10-02 23:14:53,219 INFO MDB: score=2 status=ok
2026-10-02 23:14:53,606 INFO STM: score=8 status=ok
2026-10-02 23:14:53,967 INFO DDOG: score=2 status=ok
2026-10-02 23:14:54,295 INFO SNOW: score=10 status=ok
2026-10-02 23:14:54,663 INFO VRT: score=8 status=ok
2026-10-02 23:14:55,043 INFO AVGO: score=8 status=ok
2026-10-02 23:14:55,448 INFO ROK: score=10 status=ok
2026-10-02 23:14:55,809 INFO COHR: score=8 status=ok
2026-10-02 23:14:56,188 INFO SMH: score=6 status=ok
2026-10-02 23:14:56,588 INFO SPY: score=10 status=ok
2026-10-02 23:14:56,973 INFO AMAT: score=8 status=ok
2026-10-02 23:14:57,290 INFO DUOL: score=8 status=ok
2026-10-02 23:14:57,660 INFO V: score=6 status=ok
2026-10-02 23:14:58,044 INFO MA: score=6 status=ok
2026-10-02 23:14:58,407 INFO CRM: score=8 status=ok
2026-10-02 23:14:59,029 INFO NVTS: score=4 status=ok
2026-10-02 23:14:59,413 INFO LITE: score=6 status=ok
2026-10-02 23:14:59,790 INFO STX: score=6 status=ok
2026-10-02 23:15:00,178 INFO BA: score=2 status=ok
2026-10-02 23:15:00,497 INFO BE: score=6 status=ok
2026-10-02 23:15:00,861 INFO META: score=4 status=ok
2026-10-02 23:15:01,245 INFO AAPL: score=10 status=ok
2026-10-02 23:15:01,591 INFO NOK: score=10 status=ok
