2026-10-08 10:30:36,480 INFO VIAV: score=2 status=ok
2026-10-08 10:30:37,173 INFO TXN: score=6 status=ok
2026-10-08 10:30:37,716 INFO TWLO: score=4 status=ok
2026-10-08 10:30:38,142 INFO TTMI: score=8 status=ok
2026-10-08 10:30:38,526 INFO TSLA: score=8 status=ok
2026-10-08 10:30:39,614 INFO TSEM: score=6 status=ok
2026-10-08 10:30:39,996 INFO TER: score=2 status=ok
2026-10-08 10:30:40,728 INFO TEM: score=4 status=ok
2026-10-08 10:30:41,242 INFO SPOT: score=4 status=ok
2026-10-08 10:30:41,633 INFO SNPS: score=2 status=ok
2026-10-08 10:30:42,003 INFO SHOP: score=6 status=ok
2026-10-08 10:30:42,375 INFO RMBS: score=4 status=ok
2026-10-08 10:30:42,782 INFO RKLB: score=6 status=ok
2026-10-08 10:30:43,151 INFO PLTR: score=8 status=ok
2026-10-08 10:30:43,519 INFO PL: score=4 status=ok
2026-10-08 10:30:43,963 INFO PH: score=8 status=ok
2026-10-08 10:30:44,330 INFO PDFS: score=2 status=ok
2026-10-08 10:30:44,760 INFO ON: score=4 status=ok
2026-10-08 10:30:45,125 INFO OKLO: score=2 status=ok
2026-10-08 10:30:45,503 INFO NXPI: score=10 status=ok
2026-10-08 10:30:45,906 INFO NOW: score=10 status=ok
2026-10-08 10:30:46,271 INFO NBIS: score=6 status=ok
2026-10-08 10:30:46,663 INFO MTSI: score=4 status=ok
2026-10-08 10:30:47,125 INFO MSFT: score=6 status=ok
2026-10-08 10:30:47,512 INFO MP: score=2 status=ok
2026-10-08 10:30:47,988 INFO MCHP: score=6 status=ok
2026-10-08 10:30:48,354 INFO MARA: score=4 status=ok
2026-10-08 10:30:49,025 INFO LWLG: score=4 status=ok
2026-10-08 10:30:49,393 INFO LUNR: score=6 status=ok
2026-10-08 10:30:50,084 INFO LRCX: score=4 status=ok
2026-10-08 10:30:50,453 INFO KTOS: score=2 status=ok
2026-10-08 10:30:50,871 INFO KLAC: score=6 status=ok
2026-10-08 10:30:51,239 INFO KEYS: score=2 status=ok
2026-10-08 10:30:51,656 INFO JBL: score=8 status=ok
2026-10-08 10:30:52,121 INFO HOOD: score=6 status=ok
2026-10-08 10:30:52,542 INFO GLW: score=8 status=ok
2026-10-08 10:30:52,942 INFO GEV: score=6 status=ok
2026-10-08 10:30:53,625 INFO GE: score=4 status=ok
2026-10-08 10:30:54,074 INFO ETN: score=10 status=ok
2026-10-08 10:30:54,523 INFO EOSE: score=0 status=ok
2026-10-08 10:30:54,895 INFO DIOD: score=6 status=ok
2026-10-08 10:30:55,292 INFO CSCO: score=8 status=ok
2026-10-08 10:30:56,074 INFO CRWV: score=6 status=ok
2026-10-08 10:30:56,467 INFO CRDO: score=4 status=ok
2026-10-08 10:30:56,903 INFO CRCL: score=6 status=ok
2026-10-08 10:30:57,304 INFO COIN: score=6 status=ok
2026-10-08 10:30:57,674 INFO CIEN: score=8 status=ok
2026-10-08 10:30:58,131 INFO BWXT: score=2 status=ok
2026-10-08 10:30:58,539 INFO BKSY: score=4 status=ok
2026-10-08 10:30:58,959 INFO AXTI: score=4 status=ok
2026-10-08 10:30:59,407 INFO AVAV: score=4 status=ok
2026-10-08 10:30:59,781 INFO ASTS: score=6 status=ok
2026-10-08 10:31:00,148 INFO ARM: score=6 status=ok
2026-10-08 10:31:00,539 INFO ANET: score=8 status=ok
2026-10-08 10:31:01,212 INFO AMZN: score=10 status=ok
2026-10-08 10:31:01,614 INFO AMD: score=4 status=ok
2026-10-08 10:31:02,086 INFO AMBQ: score=4 status=ok
2026-10-08 10:31:02,471 INFO AMBA: score=6 status=ok
2026-10-08 10:31:02,964 INFO ALAB: score=4 status=ok
2026-10-08 10:31:03,466 INFO ADI: score=4 status=ok
2026-10-08 10:31:03,884 INFO FIX: score=6 status=ok
2026-10-08 10:31:04,654 INFO MPWR: score=4 status=ok
2026-10-08 10:31:05,377 INFO SNDK: score=8 status=ok
2026-10-08 10:31:05,904 INFO GWW: score=8 status=ok
2026-10-08 10:31:06,389 INFO BLK: score=8 status=ok
2026-10-08 10:31:07,091 INFO COST: score=8 status=ok
2026-10-08 10:31:07,709 INFO LLY: score=8 status=ok
2026-10-08 10:31:08,107 INFO URI: score=8 status=ok
2026-10-08 10:31:08,560 INFO GS: score=2 status=ok
2026-10-08 10:31:09,461 INFO EME: score=10 status=ok
2026-10-08 10:31:09,879 INFO CAT: score=8 status=ok
2026-10-08 10:31:10,649 INFO CASY: score=2 status=ok
2026-10-08 10:31:11,416 INFO PWR: score=6 status=ok
2026-10-08 10:31:11,959 INFO CMI: score=4 status=ok
2026-10-08 10:31:12,331 INFO CRWD: score=6 status=ok
2026-10-08 10:31:12,731 INFO WDC: score=4 status=ok
2026-10-08 10:31:13,158 INFO GOOGL: score=8 status=ok
2026-10-08 10:31:13,573 INFO UNH: score=8 status=ok
2026-10-08 10:31:14,035 INFO ELV: score=10 status=ok
2026-10-08 10:31:14,408 INFO FFIV: score=2 status=ok
2026-10-08 10:31:14,826 INFO EG: score=8 status=ok
2026-10-08 10:31:15,387 INFO CDNS: score=2 status=ok
2026-10-08 10:31:15,790 INFO CPAY: score=8 status=ok
2026-10-08 10:31:16,364 INFO NSC: score=6 status=ok
2026-10-08 10:31:16,876 INFO HUM: score=12 status=ok
2026-10-08 10:31:17,387 INFO WST: score=8 status=ok
2026-10-08 10:31:17,796 INFO VRSN: score=12 status=ok
2026-10-08 10:31:18,225 INFO CI: score=8 status=ok
2026-10-08 10:31:18,924 INFO VICR: score=2 status=ok
2026-10-08 10:31:19,347 INFO MTRN: score=2 status=ok
2026-10-08 10:31:19,712 INFO WOLF: score=4 status=ok
2026-10-08 10:31:20,264 INFO MU: score=6 status=ok
2026-10-08 10:31:20,654 INFO MRVL: score=2 status=ok
2026-10-08 10:31:21,042 INFO FORM: score=2 status=ok
2026-10-08 10:31:21,500 INFO TSM: score=2 status=ok
2026-10-08 10:31:22,009 INFO AEHR: score=8 status=ok
2026-10-08 10:31:22,396 INFO IONQ: score=2 status=ok
2026-10-08 10:31:22,798 INFO AMKR: score=6 status=ok
2026-10-08 10:31:23,591 INFO RTX: score=2 status=ok
2026-10-08 10:31:24,029 ERROR SKHY: Yahoo Finance returned only 63 valid daily bars; 252 are required
2026-10-08 10:31:24,415 INFO ONTO: score=4 status=ok
2026-10-08 10:31:24,876 INFO TRGP: score=10 status=ok
2026-10-08 10:31:25,525 INFO UNP: score=6 status=ok
2026-10-08 10:31:25,948 INFO ESS: score=8 status=ok
2026-10-08 10:31:26,378 INFO WAB: score=8 status=ok
2026-10-08 10:31:26,757 INFO GNRC: score=6 status=ok
2026-10-08 10:31:27,201 INFO HWM: score=4 status=ok
2026-10-08 10:31:27,608 INFO MPC: score=10 status=ok
2026-10-08 10:31:28,007 INFO AIZ: score=6 status=ok
2026-10-08 10:31:28,797 INFO VLO: score=10 status=ok
2026-10-08 10:31:29,183 INFO PANW: score=6 status=ok
2026-10-08 10:31:29,562 INFO TTWO: score=4 status=ok
2026-10-08 10:31:29,942 INFO DELL: score=8 status=ok
2026-10-08 10:31:30,368 INFO FSLR: score=2 status=ok
2026-10-08 10:31:31,115 INFO STLD: score=8 status=ok
2026-10-08 10:31:31,529 INFO NVDA: score=6 status=ok
2026-10-08 10:31:32,002 INFO INTC: score=4 status=ok
2026-10-08 10:31:32,525 INFO AME: score=10 status=ok
2026-10-08 10:31:32,976 INFO NUE: score=8 status=ok
2026-10-08 10:31:33,464 INFO ALL: score=2 status=ok
2026-10-08 10:31:33,877 INFO WELL: score=6 status=ok
2026-10-08 10:31:34,368 INFO IEX: score=8 status=ok
2026-10-08 10:31:34,769 INFO FANG: score=8 status=ok
2026-10-08 10:31:35,169 INFO QCOM: score=6 status=ok
2026-10-08 10:31:35,602 INFO DVA: score=8 status=ok
2026-10-08 10:31:36,012 INFO BIIB: score=10 status=ok
2026-10-08 10:31:36,452 INFO MS: score=4 status=ok
2026-10-08 10:31:36,875 INFO PM: score=10 status=ok
2026-10-08 10:31:37,349 ERROR AVB: Yahoo Finance returned only 1 valid daily bars; 252 are required
2026-10-08 10:31:37,732 INFO LYV: score=8 status=ok
2026-10-08 10:31:38,223 INFO EXPD: score=10 status=ok
2026-10-08 10:31:38,853 INFO GL: score=6 status=ok
2026-10-08 10:31:40,557 INFO AKAM: score=4 status=ok
2026-10-08 10:31:41,044 INFO JCI: score=8 status=ok
2026-10-08 10:31:41,465 INFO PLD: score=4 status=ok
2026-10-08 10:31:41,937 INFO SATS: score=0 status=unavailable
2026-10-08 10:31:42,849 INFO APO: score=0 status=ok
2026-10-08 10:31:43,300 INFO WMT: score=8 status=ok
2026-10-08 10:31:43,710 INFO IRM: score=8 status=ok
2026-10-08 10:31:44,112 INFO FTNT: score=4 status=ok
2026-10-08 10:31:44,522 INFO NTAP: score=4 status=ok
2026-10-08 10:31:44,912 INFO EBAY: score=12 status=ok
2026-10-08 10:31:45,447 INFO FRT: score=2 status=ok
2026-10-08 10:31:45,855 INFO SBUX: score=0 status=ok
2026-10-08 10:31:46,429 INFO TROW: score=6 status=ok
2026-10-08 10:31:46,871 INFO PFG: score=4 status=ok
2026-10-08 10:31:47,650 INFO CVS: score=6 status=ok
2026-10-08 10:31:48,171 INFO HAS: score=8 status=ok
2026-10-08 10:31:48,738 INFO NEE: score=4 status=ok
2026-10-08 10:31:49,410 INFO OKE: score=8 status=ok
2026-10-08 10:31:50,033 INFO NDAQ: score=8 status=ok
2026-10-08 10:31:50,697 INFO VTR: score=0 status=ok
2026-10-08 10:31:51,548 INFO MNST: score=4 status=ok
2026-10-08 10:31:52,016 INFO IBKR: score=8 status=ok
2026-10-08 10:31:52,550 INFO KO: score=8 status=ok
2026-10-08 10:31:52,966 INFO ADM: score=8 status=ok
2026-10-08 10:31:53,433 INFO MET: score=8 status=ok
2026-10-08 10:31:53,843 INFO WMB: score=8 status=ok
2026-10-08 10:31:54,256 INFO SWK: score=4 status=ok
2026-10-08 10:31:54,662 INFO SOLV: score=6 status=ok
2026-10-08 10:31:55,130 INFO IFF: score=8 status=ok
2026-10-08 10:31:55,689 INFO MO: score=10 status=ok
2026-10-08 10:31:56,085 INFO XYZ: score=6 status=ok
2026-10-08 10:31:56,513 INFO DAL: score=8 status=ok
2026-10-08 10:31:56,926 INFO SWKS: score=6 status=ok
2026-10-08 10:31:57,443 INFO TSN: score=4 status=ok
2026-10-08 10:31:57,837 INFO FOXA: score=6 status=ok
2026-10-08 10:31:58,235 INFO CARR: score=4 status=ok
2026-10-08 10:31:58,858 ERROR EQR: Yahoo Finance returned only 1 valid daily bars; 252 are required
2026-10-08 10:31:59,302 INFO FCX: score=10 status=ok
2026-10-08 10:31:59,729 INFO MDLZ: score=8 status=ok
2026-10-08 10:32:00,136 INFO CNC: score=10 status=ok
2026-10-08 10:32:00,550 INFO FOX: score=10 status=ok
2026-10-08 10:32:00,997 INFO DD: score=10 status=ok
2026-10-08 10:32:01,442 INFO CSX: score=6 status=ok
2026-10-08 10:32:01,891 INFO HAL: score=4 status=ok
2026-10-08 10:32:02,326 INFO DOW: score=4 status=ok
2026-10-08 10:32:02,767 INFO UDR: score=2 status=ok
2026-10-08 10:32:03,190 INFO HPE: score=6 status=ok
2026-10-08 10:32:03,673 INFO BEN: score=6 status=ok
2026-10-08 10:32:04,113 INFO KDP: score=8 status=ok
2026-10-08 10:32:04,510 INFO INVH: score=2 status=ok
2026-10-08 10:32:04,991 INFO IVZ: score=6 status=ok
2026-10-08 10:32:05,439 INFO HST: score=8 status=ok
2026-10-08 10:32:05,929 INFO DOC: score=2 status=ok
2026-10-08 10:32:06,382 INFO VTRS: score=8 status=ok
2026-10-08 10:32:06,829 INFO F: score=2 status=ok
2026-10-08 10:32:07,234 INFO CEVA: score=2 status=ok
2026-10-08 10:32:07,730 INFO AIP: score=4 status=ok
2026-10-08 10:32:08,110 INFO CACI: score=6 status=ok
2026-10-08 10:32:08,735 INFO QQQ: score=8 status=ok
2026-10-08 10:32:09,611 INFO SOXX: score=6 status=ok
2026-10-08 10:32:10,060 INFO XOM: score=10 status=ok
2026-10-08 10:32:10,501 INFO COP: score=10 status=ok
2026-10-08 10:32:11,051 INFO JPM: score=6 status=ok
2026-10-08 10:32:11,474 INFO BAC: score=2 status=ok
2026-10-08 10:32:11,982 INFO AMT: score=8 status=ok
2026-10-08 10:32:12,489 INFO NEM: score=6 status=ok
2026-10-08 10:32:12,861 ERROR SPCX: Yahoo Finance returned only 81 valid daily bars; 252 are required
2026-10-08 10:32:13,512 INFO DOCN: score=8 status=ok
2026-10-08 10:32:13,897 INFO MDB: score=2 status=ok
2026-10-08 10:32:14,376 INFO STM: score=4 status=ok
2026-10-08 10:32:15,152 INFO DDOG: score=2 status=ok
2026-10-08 10:32:15,526 INFO SNOW: score=10 status=ok
2026-10-08 10:32:16,478 INFO VRT: score=6 status=ok
2026-10-08 10:32:16,909 INFO AVGO: score=8 status=ok
2026-10-08 10:32:17,331 INFO ROK: score=10 status=ok
2026-10-08 10:32:17,726 INFO COHR: score=6 status=ok
2026-10-08 10:32:18,242 INFO SMH: score=2 status=ok
2026-10-08 10:32:18,673 INFO SPY: score=8 status=ok
2026-10-08 10:32:19,084 INFO AMAT: score=2 status=ok
2026-10-08 10:32:19,510 INFO DUOL: score=8 status=ok
2026-10-08 10:32:20,197 INFO V: score=10 status=ok
2026-10-08 10:32:20,616 INFO MA: score=8 status=ok
2026-10-08 10:32:21,095 INFO CRM: score=6 status=ok
2026-10-08 10:32:21,500 INFO NVTS: score=6 status=ok
2026-10-08 10:32:21,985 INFO LITE: score=2 status=ok
2026-10-08 10:32:22,388 INFO STX: score=4 status=ok
2026-10-08 10:32:23,231 INFO BA: score=4 status=ok
2026-10-08 10:32:23,615 INFO BE: score=4 status=ok
2026-10-08 10:32:24,007 INFO META: score=2 status=ok
2026-10-08 10:32:24,564 INFO AAPL: score=8 status=ok
2026-10-08 10:32:24,979 INFO NOK: score=10 status=ok
