2026-10-08 12:00:32,895 INFO VIAV: score=2 status=ok
2026-10-08 12:00:33,356 INFO TXN: score=6 status=ok
2026-10-08 12:00:33,775 INFO TWLO: score=4 status=ok
2026-10-08 12:00:34,161 INFO TTMI: score=8 status=ok
2026-10-08 12:00:34,578 INFO TSLA: score=8 status=ok
2026-10-08 12:00:34,965 INFO TSEM: score=6 status=ok
2026-10-08 12:00:35,573 INFO TER: score=2 status=ok
2026-10-08 12:00:36,388 INFO TEM: score=4 status=ok
2026-10-08 12:00:36,936 INFO SPOT: score=4 status=ok
2026-10-08 12:00:37,571 INFO SHOP: score=6 status=ok
2026-10-08 12:00:38,488 INFO RMBS: score=4 status=ok
2026-10-08 12:00:38,905 INFO RKLB: score=6 status=ok
2026-10-08 12:00:39,283 INFO PLTR: score=8 status=ok
2026-10-08 12:00:39,666 INFO PL: score=4 status=ok
2026-10-08 12:00:40,131 INFO PH: score=8 status=ok
2026-10-08 12:00:40,521 INFO PDFS: score=2 status=ok
2026-10-08 12:00:40,934 INFO OKLO: score=2 status=ok
2026-10-08 12:00:41,327 INFO NXPI: score=10 status=ok
2026-10-08 12:00:41,737 INFO NOW: score=10 status=ok
2026-10-08 12:00:42,155 INFO NBIS: score=6 status=ok
2026-10-08 12:00:42,574 INFO MTSI: score=4 status=ok
2026-10-08 12:00:43,019 INFO MSFT: score=6 status=ok
2026-10-08 12:00:43,410 INFO MP: score=2 status=ok
2026-10-08 12:00:43,920 INFO MCHP: score=6 status=ok
2026-10-08 12:00:44,283 INFO MARA: score=4 status=ok
2026-10-08 12:00:44,840 INFO LWLG: score=4 status=ok
2026-10-08 12:00:45,250 INFO LUNR: score=6 status=ok
2026-10-08 12:00:45,754 INFO LRCX: score=4 status=ok
2026-10-08 12:00:46,234 INFO KTOS: score=2 status=ok
2026-10-08 12:00:47,076 INFO KLAC: score=6 status=ok
2026-10-08 12:00:47,470 INFO KEYS: score=2 status=ok
2026-10-08 12:00:48,003 INFO JBL: score=8 status=ok
2026-10-08 12:00:49,966 INFO HOOD: score=6 status=ok
2026-10-08 12:00:52,149 INFO GLW: score=8 status=ok
2026-10-08 12:00:55,087 INFO GEV: score=6 status=ok
2026-10-08 12:01:01,460 INFO EOSE: score=0 status=ok
2026-10-08 12:01:12,912 INFO DIOD: score=6 status=ok
2026-10-08 12:01:21,577 INFO CRWV: score=6 status=ok
2026-10-08 12:01:28,342 INFO CRCL: score=6 status=ok
2026-10-08 12:01:30,687 INFO COIN: score=6 status=ok
2026-10-08 12:01:38,238 INFO CIEN: score=8 status=ok
2026-10-08 12:01:47,331 INFO BWXT: score=2 status=ok
2026-10-08 12:01:55,468 INFO AXTI: score=4 status=ok
2026-10-08 12:01:59,889 INFO AVAV: score=4 status=ok
2026-10-08 12:02:01,996 INFO ASTS: score=6 status=ok
2026-10-08 12:02:02,693 INFO ARM: score=6 status=ok
2026-10-08 12:02:03,123 INFO ANET: score=8 status=ok
2026-10-08 12:02:03,550 INFO AMZN: score=10 status=ok
2026-10-08 12:02:03,926 INFO AMD: score=4 status=ok
2026-10-08 12:02:04,313 INFO ALAB: score=4 status=ok
2026-10-08 12:02:05,488 INFO FIX: score=6 status=ok
2026-10-08 12:02:05,948 INFO MPWR: score=4 status=ok
2026-10-08 12:02:06,324 INFO SNDK: score=8 status=ok
2026-10-08 12:02:06,824 INFO GWW: score=8 status=ok
2026-10-08 12:02:07,343 INFO BLK: score=8 status=ok
2026-10-08 12:02:07,740 INFO COST: score=8 status=ok
2026-10-08 12:02:08,181 INFO LLY: score=8 status=ok
2026-10-08 12:02:08,567 INFO URI: score=8 status=ok
2026-10-08 12:02:08,958 INFO GS: score=2 status=ok
2026-10-08 12:02:09,384 INFO EME: score=10 status=ok
2026-10-08 12:02:09,820 INFO CAT: score=8 status=ok
2026-10-08 12:02:10,360 INFO CASY: score=2 status=ok
2026-10-08 12:02:10,755 INFO PWR: score=6 status=ok
2026-10-08 12:02:11,171 INFO WDC: score=4 status=ok
2026-10-08 12:02:11,615 INFO GOOGL: score=8 status=ok
2026-10-08 12:02:12,017 INFO UNH: score=8 status=ok
2026-10-08 12:02:12,794 INFO ELV: score=10 status=ok
2026-10-08 12:02:13,169 INFO FFIV: score=2 status=ok
2026-10-08 12:02:13,654 INFO EG: score=8 status=ok
2026-10-08 12:02:14,055 INFO CPAY: score=8 status=ok
2026-10-08 12:02:14,636 INFO NSC: score=6 status=ok
2026-10-08 12:02:15,275 INFO HUM: score=12 status=ok
2026-10-08 12:02:15,760 INFO WST: score=8 status=ok
2026-10-08 12:02:16,173 INFO VRSN: score=12 status=ok
2026-10-08 12:02:16,609 INFO CI: score=8 status=ok
2026-10-08 12:02:17,477 INFO VICR: score=2 status=ok
2026-10-08 12:02:17,972 INFO SNPS: score=2 status=ok
2026-10-08 12:02:18,384 INFO ON: score=4 status=ok
2026-10-08 12:02:19,041 INFO MU: score=6 status=ok
2026-10-08 12:02:20,025 INFO ADI: score=4 status=ok
2026-10-08 12:02:20,588 INFO BKSY: score=4 status=ok
2026-10-08 12:02:20,971 INFO CDNS: score=2 status=ok
2026-10-08 12:02:21,532 INFO CMI: score=4 status=ok
2026-10-08 12:02:22,897 INFO CRDO: score=4 status=ok
2026-10-08 12:02:23,354 INFO CSCO: score=8 status=ok
2026-10-08 12:02:23,817 INFO ETN: score=10 status=ok
2026-10-08 12:02:24,394 INFO GE: score=4 status=ok
2026-10-08 12:02:24,953 INFO MTRN: score=2 status=ok
2026-10-08 12:02:25,518 INFO WOLF: score=4 status=ok
2026-10-08 12:02:25,878 INFO AMBQ: score=4 status=ok
2026-10-08 12:02:26,259 INFO AMBA: score=6 status=ok
2026-10-08 12:02:26,697 INFO MRVL: score=2 status=ok
2026-10-08 12:02:27,064 INFO FORM: score=2 status=ok
2026-10-08 12:02:27,483 INFO TSM: score=2 status=ok
2026-10-08 12:02:27,908 INFO IONQ: score=2 status=ok
2026-10-08 12:02:28,292 INFO AMKR: score=6 status=ok
2026-10-08 12:02:29,849 INFO RTX: score=2 status=ok
2026-10-08 12:02:30,371 ERROR SKHY: Yahoo Finance returned only 63 valid daily bars; 252 are required
2026-10-08 12:02:30,757 INFO ONTO: score=4 status=ok
2026-10-08 12:02:31,312 INFO TRGP: score=10 status=ok
2026-10-08 12:02:31,784 INFO UNP: score=6 status=ok
2026-10-08 12:02:32,216 INFO ESS: score=8 status=ok
2026-10-08 12:02:32,848 INFO WAB: score=8 status=ok
2026-10-08 12:02:33,221 INFO GNRC: score=6 status=ok
2026-10-08 12:02:34,316 INFO MPC: score=10 status=ok
2026-10-08 12:02:34,738 INFO AIZ: score=6 status=ok
2026-10-08 12:02:35,201 INFO PANW: score=6 status=ok
2026-10-08 12:02:35,935 INFO TTWO: score=4 status=ok
2026-10-08 12:02:36,634 INFO DELL: score=8 status=ok
2026-10-08 12:02:37,027 INFO FSLR: score=2 status=ok
2026-10-08 12:02:37,587 INFO STLD: score=8 status=ok
2026-10-08 12:02:38,020 INFO NVDA: score=6 status=ok
2026-10-08 12:02:38,510 INFO QCOM: score=6 status=ok
2026-10-08 12:02:39,563 INFO AME: score=10 status=ok
2026-10-08 12:02:40,529 INFO NUE: score=8 status=ok
2026-10-08 12:02:40,969 INFO ALL: score=2 status=ok
2026-10-08 12:02:41,375 INFO WELL: score=6 status=ok
2026-10-08 12:02:41,792 INFO IEX: score=8 status=ok
2026-10-08 12:02:42,582 INFO FANG: score=8 status=ok
2026-10-08 12:02:42,977 INFO DVA: score=8 status=ok
2026-10-08 12:02:43,528 INFO BIIB: score=10 status=ok
2026-10-08 12:02:43,961 INFO MS: score=4 status=ok
2026-10-08 12:02:44,366 INFO PM: score=10 status=ok
2026-10-08 12:02:44,801 ERROR AVB: Yahoo Finance returned only 1 valid daily bars; 252 are required
2026-10-08 12:02:45,200 INFO LYV: score=8 status=ok
2026-10-08 12:02:45,608 INFO EXPD: score=10 status=ok
2026-10-08 12:02:46,120 INFO GL: score=6 status=ok
2026-10-08 12:02:46,489 INFO AKAM: score=4 status=ok
2026-10-08 12:02:46,934 INFO JCI: score=8 status=ok
2026-10-08 12:02:47,354 INFO PLD: score=4 status=ok
2026-10-08 12:02:47,697 INFO SATS: score=0 status=unavailable
2026-10-08 12:02:48,115 INFO APO: score=0 status=ok
2026-10-08 12:02:48,626 INFO WMT: score=8 status=ok
2026-10-08 12:02:49,721 INFO IRM: score=8 status=ok
2026-10-08 12:02:50,245 INFO NTAP: score=4 status=ok
2026-10-08 12:02:51,287 INFO EBAY: score=12 status=ok
2026-10-08 12:02:51,946 INFO FRT: score=2 status=ok
2026-10-08 12:02:52,339 INFO SBUX: score=0 status=ok
2026-10-08 12:02:52,767 INFO TROW: score=6 status=ok
2026-10-08 12:02:53,320 INFO PFG: score=4 status=ok
2026-10-08 12:02:53,944 INFO CVS: score=6 status=ok
2026-10-08 12:02:54,577 INFO HAS: score=8 status=ok
2026-10-08 12:02:55,012 INFO NEE: score=4 status=ok
2026-10-08 12:02:55,665 INFO OKE: score=8 status=ok
2026-10-08 12:02:56,086 INFO NDAQ: score=8 status=ok
2026-10-08 12:02:56,523 INFO VTR: score=0 status=ok
2026-10-08 12:02:57,042 INFO MNST: score=4 status=ok
2026-10-08 12:02:57,782 INFO IBKR: score=8 status=ok
2026-10-08 12:02:58,245 INFO KO: score=8 status=ok
2026-10-08 12:02:58,828 INFO ADM: score=8 status=ok
2026-10-08 12:02:59,480 INFO MET: score=8 status=ok
2026-10-08 12:02:59,986 INFO WMB: score=8 status=ok
2026-10-08 12:03:00,848 INFO SWK: score=4 status=ok
2026-10-08 12:03:02,376 INFO SOLV: score=6 status=ok
2026-10-08 12:03:02,873 INFO IFF: score=8 status=ok
2026-10-08 12:03:03,296 INFO MO: score=10 status=ok
2026-10-08 12:03:03,737 INFO XYZ: score=6 status=ok
2026-10-08 12:03:04,121 INFO DAL: score=8 status=ok
2026-10-08 12:03:04,530 INFO SWKS: score=6 status=ok
2026-10-08 12:03:05,050 INFO TSN: score=4 status=ok
2026-10-08 12:03:05,476 INFO FOXA: score=6 status=ok
2026-10-08 12:03:06,117 INFO CARR: score=4 status=ok
2026-10-08 12:03:06,634 ERROR EQR: Yahoo Finance returned only 1 valid daily bars; 252 are required
2026-10-08 12:03:07,212 INFO FCX: score=10 status=ok
2026-10-08 12:03:07,611 INFO MDLZ: score=8 status=ok
2026-10-08 12:03:08,044 INFO CNC: score=10 status=ok
2026-10-08 12:03:08,441 INFO FOX: score=10 status=ok
2026-10-08 12:03:08,887 INFO DD: score=10 status=ok
2026-10-08 12:03:09,336 INFO CSX: score=6 status=ok
2026-10-08 12:03:09,755 INFO HAL: score=4 status=ok
2026-10-08 12:03:10,193 INFO DOW: score=4 status=ok
2026-10-08 12:03:10,783 INFO UDR: score=2 status=ok
2026-10-08 12:03:11,275 INFO HPE: score=6 status=ok
2026-10-08 12:03:11,679 INFO BEN: score=6 status=ok
2026-10-08 12:03:12,287 INFO KDP: score=8 status=ok
2026-10-08 12:03:12,687 INFO INVH: score=2 status=ok
2026-10-08 12:03:13,121 INFO IVZ: score=6 status=ok
2026-10-08 12:03:13,546 INFO HST: score=8 status=ok
2026-10-08 12:03:13,976 INFO DOC: score=2 status=ok
2026-10-08 12:03:14,379 INFO VTRS: score=8 status=ok
2026-10-08 12:03:15,300 INFO F: score=2 status=ok
2026-10-08 12:03:15,670 INFO CEVA: score=2 status=ok
2026-10-08 12:03:16,218 INFO AIP: score=4 status=ok
2026-10-08 12:03:16,613 INFO CACI: score=6 status=ok
2026-10-08 12:03:17,034 INFO QQQ: score=8 status=ok
2026-10-08 12:03:17,480 INFO SOXX: score=6 status=ok
2026-10-08 12:03:17,934 INFO XOM: score=10 status=ok
2026-10-08 12:03:18,354 INFO COP: score=10 status=ok
2026-10-08 12:03:18,817 INFO JPM: score=6 status=ok
2026-10-08 12:03:19,339 INFO BAC: score=2 status=ok
2026-10-08 12:03:19,727 INFO AMT: score=8 status=ok
2026-10-08 12:03:20,190 INFO NEM: score=6 status=ok
2026-10-08 12:03:20,583 INFO MDB: score=2 status=ok
2026-10-08 12:03:20,963 INFO FTNT: score=4 status=ok
2026-10-08 12:03:21,347 INFO DDOG: score=2 status=ok
2026-10-08 12:03:21,723 INFO SNOW: score=10 status=ok
2026-10-08 12:03:22,092 INFO AEHR: score=8 status=ok
2026-10-08 12:03:22,496 INFO HWM: score=4 status=ok
2026-10-08 12:03:22,894 INFO INTC: score=4 status=ok
2026-10-08 12:03:23,293 ERROR SPCX: Yahoo Finance returned only 81 valid daily bars; 252 are required
2026-10-08 12:03:23,713 INFO STM: score=4 status=ok
2026-10-08 12:03:24,092 INFO DOCN: score=8 status=ok
2026-10-08 12:03:24,592 INFO VLO: score=10 status=ok
2026-10-08 12:03:25,064 INFO VRT: score=6 status=ok
2026-10-08 12:03:25,458 INFO AVGO: score=8 status=ok
2026-10-08 12:03:25,821 INFO COHR: score=6 status=ok
2026-10-08 12:03:26,190 INFO CRWD: score=6 status=ok
2026-10-08 12:03:26,613 INFO ALGM: score=4 status=ok
2026-10-08 12:03:27,026 INFO OUST: score=6 status=ok
2026-10-08 12:03:27,416 INFO CIFR: score=2 status=ok
2026-10-08 12:03:27,781 INFO PENG: score=5 status=ok
2026-10-08 12:03:28,171 INFO ZS: score=4 status=ok
2026-10-08 12:03:28,580 INFO NET: score=6 status=ok
2026-10-08 12:03:28,970 INFO LEU: score=4 status=ok
2026-10-08 12:03:29,503 INFO ROK: score=10 status=ok
2026-10-08 12:03:29,928 INFO SMH: score=2 status=ok
2026-10-08 12:03:30,345 INFO SPY: score=8 status=ok
2026-10-08 12:03:30,785 INFO AMAT: score=2 status=ok
2026-10-08 12:03:31,220 INFO DUOL: score=8 status=ok
2026-10-08 12:03:31,606 INFO V: score=10 status=ok
2026-10-08 12:03:32,016 INFO MA: score=8 status=ok
2026-10-08 12:03:32,401 INFO CRM: score=6 status=ok
2026-10-08 12:03:32,891 INFO AAPL: score=8 status=ok
2026-10-08 12:03:33,265 INFO NVTS: score=6 status=ok
2026-10-08 12:03:33,616 ERROR AVEX: Yahoo Finance returned only 120 valid daily bars; 252 are required
2026-10-08 12:03:34,009 INFO MOD: score=8 status=ok
2026-10-08 12:03:34,376 INFO LITE: score=2 status=ok
2026-10-08 12:03:34,775 INFO STX: score=4 status=ok
2026-10-08 12:03:35,216 INFO BA: score=4 status=ok
2026-10-08 12:03:35,688 INFO BE: score=4 status=ok
2026-10-08 12:03:36,060 INFO META: score=2 status=ok
2026-10-08 12:03:36,479 INFO NOK: score=10 status=ok
